// Jest Snapshot v1, https://goo.gl/fbAQLP

exports[`Simple 1`] = `
<div>
  <div>
    1
    list0
  </div>
  <div>
    1
    hello
  </div>
</div>
`;
